--- 1. THE ONE THAT MATTERS: was the approval consumed? (expect ...0000 false) ---
0x0000000000000000000000000000000000000000000000000000000000000000
--- 2. nonce 1 burnt? (expect ...0001 true) ---
0x0000000000000000000000000000000000000000000000000000000000000001
--- 3. replay the identical spend (expect NonceAlreadyUsed 1fb09b80) ---
Error: server returned an error response: error code 3: execution reverted, data: "0x1fb09b80"
--- 4. fresh nonce, same 0.10, no new signature (expect CosignRequired + a DIFFERENT hash) ---
Error: server returned an error response: error code 3: execution reverted, data: "0x6a39578f3022fbb5f2b663f1c5a5b43c8ce7d4e3c58661d4ae5aaf547cb0a3b3df759906"
--- 5. exactly at threshold, 50000 (expect 0x, no cosign needed) ---
0x167b285700184ec1f02da470f70832264c02a0b7f38e50fe2953b10b724d7288
--- 6. one unit over, 50001 (expect CosignRequired) ---
Error: server returned an error response: error code 3: execution reverted, data: "0x6a39578f2f173a04f087f28c01a133cc80f1aed1c68746650f6e641daa2a6119a542212f"
--- 7. mandate 2 stored state ---
0x000000000000000000000000b56a7008dcda0b7c603a2e1fa15fef58cff0dcc0000000000000000000000000000000000000000000000000000000000007a12000000000000000000000000088549f2128f16bda5aa0b6acbe5e70f8e876bbd000000000000000000000000000000000000000000000000000000000000f4240000000000000000000000000b56a7008dcda0b7c603a2e1fa15fef58cff0dcc0000000000000000000000000000000000000000000000000000000000000c35000000000000000000000000000000000000000000000000000000000000186a00000000000000000000000000000000000000000000000000000000000000000000000000000000000000000000000000000000000000000000000006abc51000000000000000000000000000000000000000000000000000000000000000001000000000000000000000000000000000000000000000000000000000000004f00000000000000000000000000000000000000000000000000000000000000010000000000000000000000000000000000000000000000000000000000000000
--- 8. window bucket 0 ---
0x00000000000000000000000000000000000000000000000000000000000151800000000000000000000000000000000000000000000000000000000000000e1000000000000000000000000000000000000000000000000000000000000f42400000000000000000000000000000000000000000000000000000000000000018
--- 9. balances: vendor / payer / agent ---
200000 [2e5]
18735643 [1.873e7]
991375 [9.913e5]
--- 10. ERC-20 allowance left, payer -> manager ---
1800000 [1.8e6]
done
