Warning: optimizer settings and `viaIR` have been disabled for accurate coverage reports.
If you encounter "stack too deep" errors, consider using `--ir-minimum` which enables `viaIR` with minimum optimization resolving most of the errors.
See more: https://book.getfoundry.sh/guides/best-practices/stack-too-deep
Compiling 37 files with Solc 0.8.28
Solc 0.8.28 finished in 2.57s
Compiler run successful!
Analysing contracts...
Running tests...

Ran 1 test for test/ArcParity.t.sol:ArcParityApproveTest
[PASS] test_arcParity_1_approve() (gas: 76634)
Suite result: ok. 1 passed; 0 failed; 0 skipped; finished in 3.11ms (766.52µs CPU time)

Ran 1 test for test/ArcParity.t.sol:ArcParitySpendTest
[PASS] test_arcParity_3_spend() (gas: 303502)
Suite result: ok. 1 passed; 0 failed; 0 skipped; finished in 4.79ms (1.83ms CPU time)

Ran 1 test for test/ArcParity.t.sol:ArcParityApproveCosignTest
[PASS] test_arcParity_4_approveCosignFor() (gas: 608389)
Suite result: ok. 1 passed; 0 failed; 0 skipped; finished in 7.35ms (4.57ms CPU time)

Ran 32 tests for test/Bounds.t.sol:BoundsTest
[PASS] test_allowlist_isAddressValuedNotStringValued() (gas: 197073)
[PASS] test_allowlist_multipleRecipients() (gas: 467151)
[PASS] test_allowlist_permitsNamedRecipientOnly() (gas: 369007)
[PASS] test_amountAboveUint96_reverts_beforeTheCapIsConsulted() (gas: 190569)
[PASS] test_expiry_isExclusive() (gas: 344847)
[PASS] test_f19_aThirdPartyIsStillPayableOnTheSameMandate() (gas: 340355)
[PASS] test_f19_payingThePayer_reverts() (gas: 188149)
[PASS] test_f19_selfPaymentOutranksTheAllowlist() (gas: 233136)
[PASS] test_f22_anAllowlistIsWhatStopsTheSpenderBeingPaid() (gas: 520082)
[PASS] test_f22_theSpenderMayBePaidByItsOwnMandate() (gas: 359986)
[PASS] test_notBefore_isInclusive() (gas: 348555)
[PASS] test_perTxCap_doesNotBoundTheTotal() (gas: 447885)
[PASS] test_perTxCap_isInclusiveAtTheCap() (gas: 327871)
[PASS] test_perTxCap_oneUnitOver_reverts() (gas: 203339)
[PASS] test_revoke_byPayer_stopsEverything() (gas: 349666)
[PASS] test_revoke_bySpender_isAlsoPermitted() (gas: 173256)
[PASS] test_revoke_byStranger_reverts() (gas: 175870)
[PASS] test_revoke_doesNotTouchTheUnderlyingAllowance() (gas: 181742)
[PASS] test_revoke_isIdempotent() (gas: 176582)
[PASS] test_revoke_outranksAValidCosignature() (gas: 259685)
[PASS] test_revoke_unknownMandate_reverts() (gas: 13912)
[PASS] test_spendCount_atTheUint32Ceiling_deniesWithANameNotAPanic() (gas: 453728)
[PASS] test_spend_movesMoneyAndRecordsIt() (gas: 336466)
[PASS] test_spend_neverCustodiesFunds() (gas: 389265)
[PASS] test_spend_unknownMandate_reverts() (gas: 40384)
[PASS] test_totalCap_doesNotRecoverWithTime() (gas: 336392)
[PASS] test_totalCap_exactFitThenRefusal() (gas: 461653)
[PASS] test_totalSpent_atTheUint96Ceiling_deniesWithANameNotAPanic() (gas: 427286)
[PASS] test_totalSpent_withMaximumLifetimeCap_deniesWithOverTotalCap() (gas: 333727)
[PASS] test_wrongSpender_reverts() (gas: 198133)
[PASS] test_zeroAmount_reverts() (gas: 190270)
[PASS] test_zeroRecipient_reverts_evenWithNoAllowlist() (gas: 187894)
Suite result: ok. 32 passed; 0 failed; 0 skipped; finished in 34.56ms (61.56ms CPU time)

Ran 22 tests for test/Deploy.t.sol:DeployTest
[PASS] test_REGRESSION_aTransposedCallSiteSurvivesTheSelfComparingReadBack() (gas: 15314262)
[PASS] test_REGRESSION_theSameTransposedCallSiteIsCaughtByThePinnedConstants() (gas: 15314211)
[PASS] test_runWith_ATTACK_theTwoRegistriesTransposed_deploysWiredBackwards() (gas: 6732352)
[PASS] test_runWith_ATTACK_usdcAndIdentityTransposed_stopsAtTheDecimalsProbe() (gas: 26915)
[PASS] test_runWith_acceptsBothRegistriesAtZero() (gas: 6723915)
[PASS] test_runWith_deploysWithTheArgumentsGiven() (gas: 6733854)
[PASS] test_runWith_refusesANonZeroIdentityRegistryHoldingNoCode() (gas: 31987)
[PASS] test_runWith_refusesANonZeroValidationRegistryHoldingNoCode() (gas: 34662)
[PASS] test_runWith_refusesATokenReportingEighteenDecimals() (gas: 87050)
[PASS] test_runWith_refusesATokenThatAnswersWithNothing() (gas: 64069)
[PASS] test_runWith_refusesATokenThatRevertsOnDecimals() (gas: 22663)
[PASS] test_runWith_refusesAnAddressWithNoCodeAsUsdc() (gas: 22470)
[PASS] test_runWith_refusesOneRegistryInBothPositions() (gas: 31186)
[PASS] test_runWith_refusesTheChainThatRunAlreadyPins() (gas: 32358)
[PASS] test_runWith_refusesUsdcRepeatedAsTheIdentityRegistry() (gas: 31067)
[PASS] test_runWith_refusesUsdcRepeatedAsTheValidationRegistry() (gas: 31124)
[PASS] test_runWith_refusesZeroUsdcBeforeTheConstructorDoes() (gas: 17813)
[PASS] test_run_probesThePinnedUsdcRatherThanTrustingIt() (gas: 18681)
[PASS] test_run_refusesAChainIdOneAwayFromArcTestnet() (gas: 35306)
[PASS] test_run_refusesAChainWithNoPinnedArguments() (gas: 9294)
[PASS] test_run_refusesPinnedRegistriesHoldingNoCode() (gas: 28798)
[PASS] test_run_wiresTheThreePinnedAddresses() (gas: 6744698)
Suite result: ok. 22 passed; 0 failed; 0 skipped; finished in 35.91ms (31.68ms CPU time)

Ran 1 test for test/ArcParity.t.sol:ArcParityCreateTest
[PASS] test_arcParity_2_createMandate() (gas: 536636)
Suite result: ok. 1 passed; 0 failed; 0 skipped; finished in 9.57ms (4.67ms CPU time)

Ran 13 tests for test/Idempotency.t.sol:IdempotencyTest
[PASS] test_blocklistedPayer_unwindsTheEntireSpend() (gas: 307900)
[PASS] test_blocklistedRecipient_unwindsTheEntireSpend() (gas: 423802)
[PASS] test_deniedSpends_consumeNothing() (gas: 428595)
[PASS] test_failedTransfer_rollsBackSoTheSameSpendCanBeRetried() (gas: 440574)
[PASS] test_identicalSpendsUnderDifferentNonces_bothSucceed() (gas: 371479)
[PASS] test_insufficientAllowance_unwindsAndIsRetryable() (gas: 420006)
[PASS] test_insufficientBalance_unwinds() (gas: 333539)
[PASS] test_nonceIsCheckedBeforeTheCaps() (gas: 307985)
[PASS] test_noncesAreScopedToTheMandate() (gas: 538659)
[PASS] test_replayingANonceWithADifferentPayload_stillReverts() (gas: 310006)
[PASS] test_replayingANonce_reverts() (gas: 324171)
[PASS] test_transferReturningFalse_raisesTransferFailed() (gas: 297237)
[PASS] test_windowBreach_doesNotPartiallyConsumeTheWindow() (gas: 438410)
Suite result: ok. 13 passed; 0 failed; 0 skipped; finished in 36.02ms (31.43ms CPU time)

Ran 42 tests for test/Revoker.t.sol:RevokerTest
[PASS] test_createMandate_emitsRevokerSet() (gas: 171137)
[PASS] test_createMandate_emitsRevokerSetAfterMandateCreated() (gas: 196459)
[PASS] test_createMandate_permitsTheCosigner() (gas: 219227)
[PASS] test_createMandate_recordsTheNominatedRevoker() (gas: 190291)
[PASS] test_createMandate_refusesTheContractItself() (gas: 155302)
[PASS] test_createMandate_refusesThePayer() (gas: 155574)
[PASS] test_createMandate_refusesTheSpender() (gas: 156114)
[PASS] test_createMandate_withoutRevoker_emitsNoRevokerSet() (gas: 164502)
[PASS] test_createMandate_withoutRevoker_storesNobody() (gas: 163653)
[PASS] test_f51_revocationDoesNotRecoverWhatWasSpent() (gas: 367421)
[PASS] test_f51_theAllowanceRemainsTheWholeAccountControl() (gas: 548649)
[PASS] test_f51_theMandateDiesWithoutThePayerActing() (gas: 444701)
[PASS] test_getRevoker_unknownMandateAnswersZero() (gas: 8633)
[PASS] test_revoke_ATTACK_nomineeOfOneMandateCannotReachAnother() (gas: 325907)
[PASS] test_revoke_ATTACK_strangerStillRefused() (gas: 196465)
[PASS] test_revoke_ATTACK_zeroAddressCannotRevokeAnUnguardedMandate() (gas: 169668)
[PASS] test_revoke_byTheNomineeAlsoStopsTheCosigner() (gas: 246841)
[PASS] test_revoke_nomineeCanKillTheMandate() (gas: 239302)
[PASS] test_revoke_nomineeIsIdempotent() (gas: 206484)
[PASS] test_revoke_payerAndSpenderStillWork() (gas: 354775)
[PASS] test_revoke_theEventNamesTheNominee() (gas: 197865)
[PASS] test_revoker_ATTACK_cannotApproveACosignature() (gas: 239748)
[PASS] test_revoker_ATTACK_cannotClearAReservation() (gas: 369257)
[PASS] test_revoker_ATTACK_cannotPayThemselvesThroughAnotherMandate() (gas: 387608)
[PASS] test_revoker_ATTACK_cannotSpend() (gas: 234365)
[PASS] test_revoker_ATTACK_cannotSpendAfterRevoking() (gas: 238431)
[PASS] test_revoker_ATTACK_cannotWithdrawACosignature() (gas: 304910)
[PASS] test_revoker_ATTACK_theWholeMutableSurfaceMovesNothing() (gas: 552482)
[PASS] test_revoker_payerCanStillClearAReservation() (gas: 433624)
[PASS] test_setRevoker_ATTACK_cosignerCannotNominate() (gas: 190694)
[PASS] test_setRevoker_ATTACK_nomineeCannotNominate() (gas: 195589)
[PASS] test_setRevoker_ATTACK_spenderCannotNominate() (gas: 195590)
[PASS] test_setRevoker_ATTACK_spenderCannotRemoveTheNominee() (gas: 193394)
[PASS] test_setRevoker_ATTACK_strangerCannotNominate() (gas: 168879)
[PASS] test_setRevoker_namesOneAfterTheGrant() (gas: 202763)
[PASS] test_setRevoker_refusesRevokedMandate() (gas: 173469)
[PASS] test_setRevoker_refusesTheContractItself() (gas: 163358)
[PASS] test_setRevoker_refusesThePayer() (gas: 163470)
[PASS] test_setRevoker_refusesTheSpender() (gas: 163635)
[PASS] test_setRevoker_refusesUnknownMandate() (gas: 16304)
[PASS] test_setRevoker_removesWithZero() (gas: 183831)
[PASS] test_setRevoker_replacesTheNominee() (gas: 210866)
Suite result: ok. 42 passed; 0 failed; 0 skipped; finished in 70.80ms (65.98ms CPU time)

Ran 28 tests for test/Views.t.sol:ViewsTest
[PASS] test_getCredentialGate_returnsAllFiveFieldsAsGranted() (gas: 374570)
[PASS] test_getIdentityGate_returnsTheGateAsGranted() (gas: 499764)
[PASS] test_isAllowedRecipient_appliesEveryRecipientRuleSpendApplies() (gas: 257672)
[PASS] test_isAllowedRecipient_unknownMandate_refusesEveryAddress() (gas: 13153)
[PASS] test_isAllowedRecipient_withAnAllowlist() (gas: 199286)
[PASS] test_isAllowedRecipient_withoutAnAllowlist() (gas: 171813)
[PASS] test_isLive_tracksEveryLifecycleCondition() (gas: 187476)
[PASS] test_policyHeadroom_expiryOnlyMandateIsUnlimited() (gas: 150863)
[PASS] test_policyHeadroom_isZeroWhenNotSpendable() (gas: 300537)
[PASS] test_policyHeadroom_reportsTheBindingConstraint() (gas: 427777)
[PASS] test_policyHeadroom_windowCanBeTheBindingConstraint() (gas: 584205)
[PASS] test_spendHash_dependsOnEveryField() (gas: 452179)
[PASS] test_spendHash_isDeterministic() (gas: 334393)
[PASS] test_spendHash_onUnknownMandate_reverts() (gas: 15143)
[PASS] test_spendableAcross_duplicateIds_revert() (gas: 669935)
[PASS] test_spendableAcross_exposesTheSharedAllowanceOverlap() (gas: 289249)
[PASS] test_spendableAcross_lengthCapIsExact() (gas: 1512400)
[PASS] test_spendableAcross_mixedPayers_reverts() (gas: 532531)
[PASS] test_spendableAcross_ofOne_agreesWithSpendable() (gas: 323437)
[PASS] test_spendableAcross_revokedAndExpiredContributeZero() (gas: 357934)
[PASS] test_spendableAcross_unboundedTermsClampInsteadOfOverflowing() (gas: 868647)
[PASS] test_spendableAcross_unknownId_reverts() (gas: 337078)
[PASS] test_spendable_agreesWithSpendableAcross_forASingleMandate() (gas: 347222)
[PASS] test_spendable_clampsToTheAllowance() (gas: 270373)
[PASS] test_spendable_clampsToTheBalance() (gas: 239725)
[PASS] test_spendable_isAchievable() (gas: 351406)
[PASS] test_spendable_onUnknownMandate_isZero() (gas: 8552)
[PASS] test_unknownMandate_readsAsEmptyRatherThanReverting() (gas: 56337)
Suite result: ok. 28 passed; 0 failed; 0 skipped; finished in 164.37ms (63.59ms CPU time)

Ran 20 tests for test/Windows.t.sol:WindowsTest
[PASS] test_ATTACK_backwardsClockCannotRefillTheWindow() (gas: 360629)
[PASS] test_ATTACK_rewindOntoTheSameRingSlot_accumulatesRatherThanOverwrites() (gas: 429223)
[PASS] test_ATTACK_tumblingWindowBoundaryBurst_findsNoHole() (gas: 1369038)
[PASS] test_DOCUMENTED_COST_fullRefillTakesWindowPlusOneSubPeriod() (gas: 432268)
[PASS] test_DOCUMENTED_COST_sustainedThroughputIsKOverKPlusOne() (gas: 2470946)
[PASS] test_REGRESSION_spendLateInASubBucketIsStillCountedKBucketsLater() (gas: 361894)
[PASS] test_bucketsAtTheMaximum_keepsThirtyThreeBucketsLiveAtOnce() (gas: 3528196)
[PASS] test_bucketsOfOne_chargesTwoWindowsBeforeReleasing() (gas: 412007)
[PASS] test_fourWindowsAtMaxBuckets_theMaximumCostSpend_succeeds() (gas: 8735904)
[PASS] test_fourWindows_refusalByTheLast_unwindsTheFirstThree() (gas: 1003555)
[PASS] test_headroom_returnsIncrementallyAsBucketsAgeOut() (gas: 1359995)
[PASS] test_higherBucketCount_shrinksTheOverhead() (gas: 392371)
[PASS] test_longIdleGap_clearsTheWindowCompletely() (gas: 421454)
[PASS] test_multipleWindows_denialNamesTheBindingWindow() (gas: 555739)
[PASS] test_refusalByLaterWindow_doesNotConsumeEarlierWindows() (gas: 510002)
[PASS] test_repeatedIdenticalTimestamps_bothCount() (gas: 420567)
[PASS] test_subLengthOfOneSecond_atTheLastSpendableSecond_stillBuckets() (gas: 382897)
[PASS] test_subLengthOfOneSecond_releasesAfterTwoSeconds() (gas: 389585)
[PASS] test_windowRemaining_onUnconfiguredIndex_isZero() (gas: 169319)
[PASS] test_windowsAreIsolatedPerMandate() (gas: 580291)
Suite result: ok. 20 passed; 0 failed; 0 skipped; finished in 17.99s (151.63ms CPU time)

Ran 56 tests for test/Creation.t.sol:CreationTest
[PASS] test_constructor_zeroUsdc_reverts() (gas: 51781)
[PASS] test_createMandate_aLifetimeBoundIsEitherATotalOrAnExpiry() (gas: 268058)
[PASS] test_createMandate_allowlistFlagMismatch_reverts() (gas: 26734)
[PASS] test_createMandate_cosignFlagWithoutCosigner_reverts() (gas: 26452)
[PASS] test_createMandate_cosignerWithoutFlag_reverts() (gas: 28216)
[PASS] test_createMandate_credentialDataWithoutTheFlag_reverts() (gas: 51738)
[PASS] test_createMandate_credentialFlagWithoutValidator_reverts() (gas: 27241)
[PASS] test_createMandate_credentialMinResponseAboveThePassScore_reverts() (gas: 156336)
[PASS] test_createMandate_credentialMinResponseAtThePassScore_isAccepted() (gas: 235050)
[PASS] test_createMandate_credentialWithZeroMinResponse_reverts() (gas: 133740)
[PASS] test_createMandate_credentialWithZeroRequestHash_reverts() (gas: 156339)
[PASS] test_createMandate_deadCosignGate_lifetimeCapBinds() (gas: 122274)
[PASS] test_createMandate_deadCosignGate_perTxCapBoundaryIsExact() (gas: 428851)
[PASS] test_createMandate_deadCosignGate_unboundedAmountIsStillAccepted() (gas: 384768)
[PASS] test_createMandate_deadCosignGate_windowCapBinds() (gas: 462530)
[PASS] test_createMandate_eachCredentialFieldWithoutTheFlag_isRefused() (gas: 517464)
[PASS] test_createMandate_emitsMandateCreated() (gas: 146090)
[PASS] test_createMandate_expiresAtWithoutTheFlag_reverts() (gas: 153054)
[PASS] test_createMandate_expiryAloneIsEnoughOfABound() (gas: 131896)
[PASS] test_createMandate_expiryNotAfterNotBefore_reverts() (gas: 182839)
[PASS] test_createMandate_flagWithoutValue_reverts() (gas: 22514)
[PASS] test_createMandate_fourWindows_isAccepted() (gas: 254344)
[PASS] test_createMandate_gateWithoutRegistry_reverts() (gas: 6717685)
[PASS] test_createMandate_identityDataWithoutTheFlag_reverts() (gas: 153177)
[PASS] test_createMandate_noGateDataAndNoGateFlags_isAccepted() (gas: 162573)
[PASS] test_createMandate_sameSaltTwice_reverts() (gas: 148102)
[PASS] test_createMandate_spenderAsItsOwnCosigner_reverts() (gas: 210096)
[PASS] test_createMandate_storesEveryField() (gas: 177079)
[PASS] test_createMandate_thresholdWithoutCosignFlag_reverts() (gas: 28533)
[PASS] test_createMandate_tooManyBuckets_reverts() (gas: 102611)
[PASS] test_createMandate_tooManyWindows_reverts() (gas: 33205)
[PASS] test_createMandate_totalCapFlagMismatch_reverts() (gas: 25972)
[PASS] test_createMandate_validatorWithoutTheFlag_reverts() (gas: 28542)
[PASS] test_createMandate_valueWithoutFlag_reverts() (gas: 22854)
[PASS] test_createMandate_windowLengthNotDivisibleByBuckets_reverts() (gas: 103356)
[PASS] test_createMandate_withNoLifetimeBound_reverts() (gas: 60983)
[PASS] test_createMandate_zeroAddressInAllowlist_reverts() (gas: 157132)
[PASS] test_createMandate_zeroLengthOrCapOrBuckets_reverts() (gas: 286188)
[PASS] test_createMandate_zeroSpenderWithACosigner_reverts() (gas: 27546)
[PASS] test_createMandate_zeroSpender_reverts() (gas: 24327)
[PASS] test_domainSeparator_isRemitV1() (gas: 6060)
[PASS] test_f43_allowlistRefusesEveryAddressTheEnforcerRefuses() (gas: 918086)
[PASS] test_f43_anOrdinaryAllowlistIsStillWritten() (gas: 387951)
[PASS] test_f43_theEnforcerRefusesTheSameSix() (gas: 187319)
[PASS] test_f44_bit7Alone_isRefusedByTheMaskNotByUnbounded() (gas: 55078)
[PASS] test_f44_theSameMandateWithoutBit7_isAccepted() (gas: 177694)
[PASS] test_f44_unknownFlagBit_reverts() (gas: 47251)
[PASS] test_f45_doesNotReachAMandateWithNoExpiry() (gas: 140767)
[PASS] test_f45_expiryAlreadyPast_reverts() (gas: 50172)
[PASS] test_f45_theBoundaryIsTheCurrentSecond() (gas: 177006)
[PASS] test_f48_theContractAsItsOwnSpender_reverts() (gas: 439337)
[PASS] test_f49_aRegistryWithNoCode_isRefusedAtConstruction() (gas: 145312)
[PASS] test_f49_zeroAndRealRegistriesAreBothAccepted() (gas: 20032071)
[PASS] test_flagConstants_matchTheContract() (gas: 15862)
[PASS] test_gasBounds_areWhatTheModelAssumes() (gas: 7008)
[PASS] test_mandateId_isDerivedFromDomainChainContractPayerAndSalt() (gas: 268078)
Suite result: ok. 56 passed; 0 failed; 0 skipped; finished in 18.04s (77.02ms CPU time)

Ran 7 tests for test/WindowInvariant.t.sol:WindowInvariantTest
[PASS] invariant_exactTrailingWindowNeverExceedsTheCap() (runs: 256, calls: 16384, reverts: 0)

╭---------------+-----------+-------+---------+----------╮
| Contract      | Selector  | Calls | Reverts | Discards |
+========================================================+
| WindowHandler | donate    | 4090  | 0       | 0        |
|---------------+-----------+-------+---------+----------|
| WindowHandler | idle      | 4061  | 0       | 0        |
|---------------+-----------+-------+---------+----------|
| WindowHandler | spendAll  | 4143  | 0       | 0        |
|---------------+-----------+-------+---------+----------|
| WindowHandler | spendSome | 4090  | 0       | 0        |
╰---------------+-----------+-------+---------+----------╯

[PASS] invariant_theContractsBooksAgreeWithTheLedger() (runs: 256, calls: 16384, reverts: 0)

╭---------------+-----------+-------+---------+----------╮
| Contract      | Selector  | Calls | Reverts | Discards |
+========================================================+
| WindowHandler | donate    | 4090  | 0       | 0        |
|---------------+-----------+-------+---------+----------|
| WindowHandler | idle      | 4061  | 0       | 0        |
|---------------+-----------+-------+---------+----------|
| WindowHandler | spendAll  | 4143  | 0       | 0        |
|---------------+-----------+-------+---------+----------|
| WindowHandler | spendSome | 4090  | 0       | 0        |
╰---------------+-----------+-------+---------+----------╯

[PASS] invariant_theWindowIsTheOnlyThingThatEverRefuses() (runs: 256, calls: 16384, reverts: 0)

╭---------------+-----------+-------+---------+----------╮
| Contract      | Selector  | Calls | Reverts | Discards |
+========================================================+
| WindowHandler | donate    | 4090  | 0       | 0        |
|---------------+-----------+-------+---------+----------|
| WindowHandler | idle      | 4061  | 0       | 0        |
|---------------+-----------+-------+---------+----------|
| WindowHandler | spendAll  | 4143  | 0       | 0        |
|---------------+-----------+-------+---------+----------|
| WindowHandler | spendSome | 4090  | 0       | 0        |
╰---------------+-----------+-------+---------+----------╯

[PASS] test_aDonationCannotBeSpentOnceTheAllowanceIsGone() (gas: 301554)
[PASS] test_aDonationIsStrandedAndBuysNothing() (gas: 412233)
[PASS] test_greedyHandlerReachesTheCap_soRefusalIsExercised() (gas: 517486)
[PASS] test_handlerCanActuallySpend_soTheInvariantsAreNotVacuous() (gas: 1914693)
Suite result: ok. 7 passed; 0 failed; 0 skipped; finished in 19.30s (39.79s CPU time)

Ran 26 tests for test/Gates.t.sol:GatesTest
[PASS] test_ATTACK_attestationFromAnUnnamedValidator_denies() (gas: 304113)
[PASS] test_ATTACK_realAttestationAboutADifferentAgent_denies() (gas: 302307)
[PASS] test_ATTACK_transferringTheAgentIdentity_killsTheMandate() (gas: 404854)
[PASS] test_DOCUMENTED_GAP_credentialWithNoAgentBinding_acceptsAnyAgent() (gas: 445909)
[PASS] test_bothGates_mustPassIndependently() (gas: 505276)
[PASS] test_credentialGate_failingAttestation_denies() (gas: 300230)
[PASS] test_credentialGate_fallsBackToTheIdentityGatesAgentId() (gas: 485871)
[PASS] test_credentialGate_missingAttestation_denies() (gas: 281853)
[PASS] test_credentialGate_passesWithAFreshAttestation() (gas: 423925)
[PASS] test_credentialGate_revertingRegistry_alsoDenies() (gas: 300332)
[PASS] test_credentialGate_staleAttestation_denies() (gas: 536768)
[PASS] test_credentialGate_stalenessBoundaryIsInclusive() (gas: 448371)
[PASS] test_credentialGate_zeroMaxStaleness_acceptsAFutureDatedStamp() (gas: 434067)
[PASS] test_credentialGate_zeroMaxStaleness_meansNoFreshnessRequirement() (gas: 434611)
[PASS] test_f31_aFutureDatedAttestationIsRefusedRatherThanFreshForever() (gas: 471148)
[PASS] test_f31_anAttestationStampedThisBlockIsFresh() (gas: 434099)
[PASS] test_f31_theSubtractionStillCannotUnderflow() (gas: 299749)
[PASS] test_f33_forcingTheUnreachablePin_stillRefusesTheSpend() (gas: 402706)
[PASS] test_f49_aRegistryThatAnswersUndecodably_revertsPastTheCatch() (gas: 13877686)
[PASS] test_gates_areCheckedBeforeTheCaps() (gas: 281875)
[PASS] test_identityGate_burnedIdentity_deniesLegibly() (gas: 247945)
[PASS] test_identityGate_expectedOwnerIsTheSpender_isAccepted() (gas: 381824)
[PASS] test_identityGate_expectedOwnerNotTheSpender_isRefusedAtGrantTime() (gas: 157197)
[PASS] test_identityGate_passesWhileTheSpenderHoldsTheIdentity() (gas: 381735)
[PASS] test_identityGate_unpinnedExpectedOwner_onlyRequiresTheCallerToHoldIt() (gas: 361051)
[PASS] test_identityGate_zeroAgentId_isRefusedAtGrantTime() (gas: 154123)
Suite result: ok. 26 passed; 0 failed; 0 skipped; finished in 19.30s (50.95ms CPU time)

Ran 4 tests for test/WindowFuzz.t.sol:WindowFuzzTest
[PASS] testFuzz_exactTrailingWindowNeverExceedsTheCap(uint256,uint256) (runs: 512, μ: 9096335, ~: 8631616)
[PASS] testFuzz_greedyAdversaryCannotBreachTheExactWindow(uint256,uint256) (runs: 512, μ: 5425518, ~: 5027744)
[PASS] testFuzz_lifetimeCapIsNeverExceeded(uint256) (runs: 512, μ: 1886364, ~: 1869403)
[PASS] testFuzz_twoWindowsBothHoldExactly(uint256) (runs: 512, μ: 9715557, ~: 9717100)
Suite result: ok. 4 passed; 0 failed; 0 skipped; finished in 19.29s (62.36s CPU time)

Ran 66 tests for test/Cosign.t.sol:CosignTest
[PASS] test_ATTACK_approvingASpendByANonSpender_isUnconstructible() (gas: 534996)
[PASS] test_ATTACK_inflatingAnApprovedSpend_isRefused() (gas: 434166)
[PASS] test_ATTACK_redirectingAnApprovedSpend_isRefused() (gas: 436166)
[PASS] test_ATTACK_swappingTheReference_isRefused() (gas: 434201)
[PASS] test_aboveTheThreshold_requiresASignature() (gas: 288138)
[PASS] test_approval_expires() (gas: 355193)
[PASS] test_approval_isConsumedByTheSpend() (gas: 371764)
[PASS] test_approval_survivesAnUnrelatedFailure() (gas: 456998)
[PASS] test_approveCosignFor_onAMandateWithoutCosigning_reverts() (gas: 168987)
[PASS] test_approveCosignFor_onUnknownMandate_reverts() (gas: 18212)
[PASS] test_atTheThreshold_noSignatureRequired() (gas: 352420)
[PASS] test_cosignRequired_carriesTheHashToApprove() (gas: 463105)
[PASS] test_cosign_isCheckedAfterEveryCap() (gas: 265491)
[PASS] test_deadlineBeyondTheCap_isRefused() (gas: 224856)
[PASS] test_deadlineExactlyAtTheCap_isAccepted() (gas: 375430)
[PASS] test_deadlineInThePast_isRefused() (gas: 241075)
[PASS] test_expiredAndAbsent_areDifferentErrors() (gas: 420724)
[PASS] test_expiredApproval_lingersInStorageButIsInert() (gas: 244046)
[PASS] test_f11_aWithdrawalThatRemovesNothing_emitsNothing() (gas: 298486)
[PASS] test_f11_eitherHalfOfTheRemovalIsEnoughToAnnounce() (gas: 389571)
[PASS] test_f17_approvingAConsumedNonce_isRefused() (gas: 363571)
[PASS] test_f17_approvingANonAllowlistedRecipient_isRefused() (gas: 322138)
[PASS] test_f17_approvingAZeroOrOversizeAmountOrZeroRecipient_isRefused() (gas: 232214)
[PASS] test_f17_approvingAtOrBelowTheThreshold_isRefused() (gas: 303147)
[PASS] test_f17_approvingBeforeTheMandateStarts_isAllowed() (gas: 382362)
[PASS] test_f17_approvingOnARevokedMandate_isRefused() (gas: 225149)
[PASS] test_f17_approvingOnAnExpiredMandate_isRefused() (gas: 222678)
[PASS] test_f17_approvingOverAPermanentCap_isRefused() (gas: 726833)
[PASS] test_f17_approvingPastTheUint96AuditCeiling_isRefused() (gas: 472480)
[PASS] test_f17_approvingWhileACredentialIsMissing_isAllowed() (gas: 651714)
[PASS] test_f17_approvingWhileAWindowIsFull_isAllowed() (gas: 688419)
[PASS] test_f17_singleDefectRefusalsMatchSpend() (gas: 625573)
[PASS] test_f17_theDeadlineMustOutliveNotBeforeAndDieByTheExpiry() (gas: 530830)
[PASS] test_f19_approvingThePayerAsRecipient_isRefused() (gas: 228953)
[PASS] test_f22_approvingTheSpenderAsRecipient_isAccepted() (gas: 379939)
[PASS] test_f29_approvingTheContractOrTheTokenAsRecipient_isRefused() (gas: 251704)
[PASS] test_f30_aTinySpendCannotBurnTheNonceUnderALiveApproval() (gas: 443654)
[PASS] test_f30_anUnreservedNonceIsUntouched() (gas: 413969)
[PASS] test_f30_reApprovingTheSameRequest_isAllowed() (gas: 288860)
[PASS] test_f30_theApprovedSpendPassesStraightThrough() (gas: 373718)
[PASS] test_f30_twoApprovalsOnOneNonce_areRefused() (gas: 409907)
[PASS] test_f30_withdrawingTheApprovalReleasesTheNonce() (gas: 375843)
[PASS] test_f35_aStartInTheFutureIsAWaitRatherThanADeath() (gas: 388461)
[PASS] test_f35_isCosignApproved_isFalseOnceTheMandateIsRevoked() (gas: 287894)
[PASS] test_f38_approvingEitherRegistryAsRecipient_isRefused() (gas: 263327)
[PASS] test_f39_aLapsedReservationNoLongerBlocksTheSpend() (gas: 540422)
[PASS] test_f39_aWithdrawalWithTheWrongNonceStrandsNothing() (gas: 380701)
[PASS] test_f39_onceAnApprovalLapsesTheCosignerCanApproveAReplacement() (gas: 428046)
[PASS] test_f3_approvingOnAMandateAtTheSpendCountCeiling_isRefused() (gas: 444501)
[PASS] test_f40_approvingAboveAWindowCap_isRefused() (gas: 452349)
[PASS] test_f40_theBindingWindowIsFoundWhereverItSits() (gas: 538897)
[PASS] test_f41_anApprovalCanDieBeforeTheWindowRoomReturns() (gas: 1002137)
[PASS] test_f46_deadMandateOutranksAStaleDeadline() (gas: 530390)
[PASS] test_f47_clearingANonceThatHoldsNothing_isANoOpAndEmitsNothing() (gas: 403682)
[PASS] test_f47_clearingOnAnUnknownMandateOrWithoutTheCosignFlag_reverts() (gas: 195714)
[PASS] test_f47_onlyThePayerMayClearAReservation() (gas: 350227)
[PASS] test_f47_releasingAReservationCanStrandTheApprovedSpend() (gas: 401778)
[PASS] test_f47_thePayerCanFreeANonceTheCosignerIsHolding() (gas: 473783)
[PASS] test_onlyTheNamedCosignerMayApprove() (gas: 197680)
[PASS] test_perTxCapBelowThreshold_isRefusedAtGrantTime() (gas: 287162)
[PASS] test_spendHash_isBoundToChainAndContract() (gas: 194435)
[PASS] test_withApproval_theSpendGoesThrough() (gas: 386676)
[PASS] test_withdrawCosign_byAStranger_reverts() (gas: 254658)
[PASS] test_withdrawCosign_onUnknownMandate_reverts() (gas: 14492)
[PASS] test_withdrawCosign_revokesAnUnusedApproval() (gas: 310406)
[PASS] test_withdrawCosign_withoutTheCosignFlag_reverts() (gas: 165229)
Suite result: ok. 66 passed; 0 failed; 0 skipped; finished in 19.35s (137.12ms CPU time)

Ran 15 test suites in 19.40s (113.63s CPU time): 320 tests passed, 0 failed, 0 skipped (320 total tests)

╭-------------------------------+-------------------+-------------------+-------------------+-----------------╮
| File                          | % Lines           | % Statements      | % Branches        | % Funcs         |
+=============================================================================================================+
| contracts/MandateManager.sol  | 100.00% (334/334) | 100.00% (598/598) | 100.00% (152/152) | 100.00% (30/30) |
|-------------------------------+-------------------+-------------------+-------------------+-----------------|
| script/Deploy.s.sol           | 100.00% (59/59)   | 90.24% (74/82)    | 52.94% (9/17)     | 100.00% (6/6)   |
|-------------------------------+-------------------+-------------------+-------------------+-----------------|
| test/ArcParity.t.sol          | 100.00% (33/33)   | 100.00% (31/31)   | 100.00% (0/0)     | 100.00% (5/5)   |
|-------------------------------+-------------------+-------------------+-------------------+-----------------|
| test/Base.t.sol               | 100.00% (122/122) | 100.00% (105/105) | 50.00% (2/4)      | 100.00% (27/27) |
|-------------------------------+-------------------+-------------------+-------------------+-----------------|
| test/Deploy.t.sol             | 88.89% (8/9)      | 66.67% (6/9)      | 33.33% (1/3)      | 100.00% (3/3)   |
|-------------------------------+-------------------+-------------------+-------------------+-----------------|
| test/WindowInvariant.t.sol    | 100.00% (58/58)   | 98.46% (64/65)    | 92.59% (25/27)    | 100.00% (11/11) |
|-------------------------------+-------------------+-------------------+-------------------+-----------------|
| test/mocks/MockRegistries.sol | 100.00% (18/18)   | 100.00% (13/13)   | 100.00% (2/2)     | 100.00% (8/8)   |
|-------------------------------+-------------------+-------------------+-------------------+-----------------|
| test/mocks/MockUSDC.sol       | 100.00% (35/35)   | 96.77% (30/31)    | 85.71% (6/7)      | 100.00% (8/8)   |
|-------------------------------+-------------------+-------------------+-------------------+-----------------|
| Total                         | 99.85% (667/668)  | 98.61% (921/934)  | 92.92% (197/212)  | 100.00% (98/98) |
╰-------------------------------+-------------------+-------------------+-------------------+-----------------╯
