code bytes:  11572
usdc:        0x3600000000000000000000000000000000000000
identity:    0x8004A818BFB912233c491871b3d84c89A494BD9e
validation:  0x8004Cb1BF31DAf7788923b405b754f57acEB4272
DOMAIN:      0x67a3248fcc1ea72c4a548969559e9311936becaa860313f0441e0f82684ac0a2
expected:    0x67a3248fcc1ea72c4a548969559e9311936becaa860313f0441e0f82684ac0a2
MAX_WINDOWS: 4
MAX_BUCKETS: 32
--- deploy receipt ---

blockHash            0xda9983cc3dc74c7a737a31070a8efa4a417832ee6e107fd1f33d1a3177a987a3
blockNumber          58558548
contractAddress      0x3744E93B9e796E05CB66311d897559B6F3860196
cumulativeGasUsed    3027304
effectiveGasPrice    21000000000
from                 0xB56A7008dcDa0B7c603a2E1fA15fef58cff0Dcc0
gasUsed              2557453
logs                 []
logsBloom            0x00000000000000000000000000000000000000000000000000000000000000000000000000000000000000000000000000000000000000000000000000000000000000000000000000000000000000000000000000000000000000000000000000000000000000000000000000000000000000000000000000000000000000000000000000000000000000000000000000000000000000000000000000000000000000000000000000000000000000000000000000000000000000000000000000000000000000000000000000000000000000000000000000000000000000000000000000000000000000000000000000000000000000000000000000000000
root                 
status               1 (success)
transactionHash      0x5cb3fd0b6d543fecb56d62b7ca3fa36c88974ad0c3a69d2ec09edf524900849f
transactionIndex     7
type                 2
blobGasPrice         
blobGasUsed          
