premium.sh   2026-08-24T21:08:01Z
block at start: 58682234
gas price:      21000000000


=================== STEP 1 -- deploy MockUSDC to Arc Testnet ===================
No files changed, compilation skipped
Deployer: 0xB56A7008dcDa0B7c603a2E1fA15fef58cff0Dcc0
Deployed to: 0x5949872a6fB7928bC5507d9D03D4b8078C233303
Transaction hash: 0xfc4e39568e2d3ae2db2c2726d9096397cda48dc0223d110b42aa8e35899603b6
MOCK = 0x5949872a6fB7928bC5507d9D03D4b8078C233303


=================== STEP 2 -- setup: mint 20.0 mock USDC to payer ===================
cast send 0x5949872a6fB7928bC5507d9D03D4b8078C233303 mint(address,uint256) 0xB56A7008dcDa0B7c603a2E1fA15fef58cff0Dcc0 20000000

blockHash            0x066316dc2916e2950b9b9034b092c537b6c02f63db6435047a00cfe308d2af54
blockNumber          58682328
contractAddress      
cumulativeGasUsed    1097796
effectiveGasPrice    21000000000
from                 0xB56A7008dcDa0B7c603a2E1fA15fef58cff0Dcc0
gasUsed              68338
logs                 [{"address":"0x5949872a6fb7928bc5507d9d03d4b8078c233303","topics":["0xddf252ad1be2c89b69c2b068fc378daa952ba7f163c4a11628f55a4df523b3ef","0x0000000000000000000000000000000000000000000000000000000000000000","0x000000000000000000000000b56a7008dcda0b7c603a2e1fa15fef58cff0dcc0"],"data":"0x0000000000000000000000000000000000000000000000000000000001312d00","blockHash":"0x066316dc2916e2950b9b9034b092c537b6c02f63db6435047a00cfe308d2af54","blockNumber":"0x37f6bd8","blockTimestamp":"0x6a8cb2e2","transactionHash":"0x6bcea045ec5e1781d91c28786f058b3019593e3d8a7da9b8735d6638f9351e95","transactionIndex":"0x7","logIndex":"0xc","removed":false}]
logsBloom            0x00000000000004000000000000000000000000000000000400000000000000200000000000000000000000000000000000000000000000000000000000000000000000000000000000000008000000000000000000000000000000000000000000000000020000000000000000000800000000000000000000000010000000000000000000000000000000000000000000000000000000000000000000000002000000000000000000000000000000000000000010000000000000000000040000000002000000000000000000000000000000000000000000000000000020000000000000000000000000000000000000000000000000000000000000000000
root                 
status               1 (success)
transactionHash      0x6bcea045ec5e1781d91c28786f058b3019593e3d8a7da9b8735d6638f9351e95
transactionIndex     7
type                 2
blobGasPrice         
blobGasUsed          
to                   0x5949872a6fB7928bC5507d9D03D4b8078C233303


=================== STEP 3 -- setup: mint 0.35 mock USDC to vendor (matches Arc) ===================
cast send 0x5949872a6fB7928bC5507d9D03D4b8078C233303 mint(address,uint256) 0x000000000000000000000000000000000000c0de 350000

blockHash            0x0c33cef00c48b4f33a6959d69b557f3d56d9c074c55dbb0641017ebb77c46bd6
blockNumber          58682393
contractAddress      
cumulativeGasUsed    2234362
effectiveGasPrice    21000000000
from                 0xB56A7008dcDa0B7c603a2E1fA15fef58cff0Dcc0
gasUsed              51022
logs                 [{"address":"0x5949872a6fb7928bc5507d9d03d4b8078c233303","topics":["0xddf252ad1be2c89b69c2b068fc378daa952ba7f163c4a11628f55a4df523b3ef","0x0000000000000000000000000000000000000000000000000000000000000000","0x000000000000000000000000000000000000000000000000000000000000c0de"],"data":"0x0000000000000000000000000000000000000000000000000000000000055730","blockHash":"0x0c33cef00c48b4f33a6959d69b557f3d56d9c074c55dbb0641017ebb77c46bd6","blockNumber":"0x37f6c19","blockTimestamp":"0x6a8cb304","transactionHash":"0x69d1665aecb01a29fab50affdd9a5f9cdbadb84a9a6085d7d92345810d823da1","transactionIndex":"0xe","logIndex":"0x31","removed":false}]
logsBloom            0x00000000000000100000000000000000000000000000000000000000000000000000000000000000000000000080000000000000000000000000000000000000000000000100000000000008000000000000000000000000000000000000000000000000020000000000000000000800000000000000000000000010000000000000000000000000000000000000000000000000000000000000000000000002000000000000000000000000000000000000000010000000000000000000040000000002000000000000000000000000000000000000000000000000000020000000000000000000000000000000000000000000000000000000000000000000
root                 
status               1 (success)
transactionHash      0x69d1665aecb01a29fab50affdd9a5f9cdbadb84a9a6085d7d92345810d823da1
transactionIndex     14
type                 2
blobGasPrice         
blobGasUsed          
to                   0x5949872a6fB7928bC5507d9D03D4b8078C233303


=================== STEP 4 -- PAIR A / MOCK  approve(agent, 0.20) ===================
cast send 0x5949872a6fB7928bC5507d9D03D4b8078C233303 approve(address,uint256) 0x88549F2128f16BdA5aA0b6aCBe5e70F8E876bbd0 200000

blockHash            0xaed3f7dc2dd8fc3279518d7085c31da40a0270da6cbbae76eeac658914d72b17
blockNumber          58682455
contractAddress      
cumulativeGasUsed    4002982
effectiveGasPrice    21000000000
from                 0xB56A7008dcDa0B7c603a2E1fA15fef58cff0Dcc0
gasUsed              46138
logs                 [{"address":"0x5949872a6fb7928bc5507d9d03d4b8078c233303","topics":["0x8c5be1e5ebec7d5bd14f71427d1e84f3dd0314c0f7b2291e5b200ac8c7c3b925","0x000000000000000000000000b56a7008dcda0b7c603a2e1fa15fef58cff0dcc0","0x00000000000000000000000088549f2128f16bda5aa0b6acbe5e70f8e876bbd0"],"data":"0x0000000000000000000000000000000000000000000000000000000000030d40","blockHash":"0xaed3f7dc2dd8fc3279518d7085c31da40a0270da6cbbae76eeac658914d72b17","blockNumber":"0x37f6c57","blockTimestamp":"0x6a8cb323","transactionHash":"0x57192c1dd1ef9975b0ebef288ff78235bbd537833a0b0c82c6e67930f679e44a","transactionIndex":"0xf","logIndex":"0x46","removed":false}]
logsBloom            0x00000000000004000000000000000000000000000000000400000000000000200000000000000000000000000000000000000000000000000000000000200000000000000000000000000000000000000000000000000000000000000008000000000000000000000000000000000000000000000000000000000000000000000800000000000000000000000000000000000000000000000000000000000002020000000000000000000000000000000000000010000000000000000000040000000000000000000000000000000000000000000020000000000000000000000010000000000000000000000000000000000000000000000000000000000000
root                 
status               1 (success)
transactionHash      0x57192c1dd1ef9975b0ebef288ff78235bbd537833a0b0c82c6e67930f679e44a
transactionIndex     15
type                 2
blobGasPrice         
blobGasUsed          
to                   0x5949872a6fB7928bC5507d9D03D4b8078C233303


=================== STEP 5 -- PAIR A / ARC   approve(agent, 0.20) ===================
cast send 0x3600000000000000000000000000000000000000 approve(address,uint256) 0x88549F2128f16BdA5aA0b6aCBe5e70F8E876bbd0 200000

blockHash            0xd56e7e443a6dfdf8882547cf8f9834db577dd15e7a65c083813887d5d38a3fd7
blockNumber          58682511
contractAddress      
cumulativeGasUsed    1558135
effectiveGasPrice    21000000000
from                 0xB56A7008dcDa0B7c603a2E1fA15fef58cff0Dcc0
gasUsed              55438
logs                 [{"address":"0x3600000000000000000000000000000000000000","topics":["0x8c5be1e5ebec7d5bd14f71427d1e84f3dd0314c0f7b2291e5b200ac8c7c3b925","0x000000000000000000000000b56a7008dcda0b7c603a2e1fa15fef58cff0dcc0","0x00000000000000000000000088549f2128f16bda5aa0b6acbe5e70f8e876bbd0"],"data":"0x0000000000000000000000000000000000000000000000000000000000030d40","blockHash":"0xd56e7e443a6dfdf8882547cf8f9834db577dd15e7a65c083813887d5d38a3fd7","blockNumber":"0x37f6c8f","blockTimestamp":"0x6a8cb33f","transactionHash":"0x58a6b3e9b63e69dd255b2d1db73f46fdea1a1ae8a79261dc39caf5003889943d","transactionIndex":"0xb","logIndex":"0x28","removed":false}]
logsBloom            0x00000000000004000000000000000000000000000000000400000000000000200000000000000200000000000000000000000000000000000000000000200000000000000000000000000000000000000100000000000000000000000008000000000000000000000000000000000000000000000000000000000000000000400800000000000000000000000000000000000000000000000000000000000000020000000000000000000000000000000000000000000000000000000000000000000000000000000000000000000000000000000020000000000000000000000010000000000000000000000000000000000000000000000000000000000000
root                 
status               1 (success)
transactionHash      0x58a6b3e9b63e69dd255b2d1db73f46fdea1a1ae8a79261dc39caf5003889943d
transactionIndex     11
type                 2
blobGasPrice         
blobGasUsed          
to                   0x3600000000000000000000000000000000000000


=================== STEP 6 -- PAIR B / MOCK  transferFrom(payer, vendor, 0.01) ===================
cast send 0x5949872a6fB7928bC5507d9D03D4b8078C233303 transferFrom(address,address,uint256) 0xB56A7008dcDa0B7c603a2E1fA15fef58cff0Dcc0 0x000000000000000000000000000000000000c0de 10000

blockHash            0x920653d61c0b217618551ab9272cc6a74a26a4dc716713ca7fea0ed80eb07c80
blockNumber          58682574
contractAddress      
cumulativeGasUsed    1353635
effectiveGasPrice    21000000000
from                 0x88549F2128f16BdA5aA0b6aCBe5e70F8E876bbd0
gasUsed              46688
logs                 [{"address":"0x5949872a6fb7928bc5507d9d03d4b8078c233303","topics":["0xddf252ad1be2c89b69c2b068fc378daa952ba7f163c4a11628f55a4df523b3ef","0x000000000000000000000000b56a7008dcda0b7c603a2e1fa15fef58cff0dcc0","0x000000000000000000000000000000000000000000000000000000000000c0de"],"data":"0x0000000000000000000000000000000000000000000000000000000000002710","blockHash":"0x920653d61c0b217618551ab9272cc6a74a26a4dc716713ca7fea0ed80eb07c80","blockNumber":"0x37f6cce","blockTimestamp":"0x6a8cb35f","transactionHash":"0xbe1df5693946a26251c3bc52b71b2528876ac0ca4d1f1d209f01a5cc1a611af9","transactionIndex":"0x4","logIndex":"0xb","removed":false}]
logsBloom            0x00000000000004100000000000000000000000000000000400000000000000200000000000000000000000000080000000000000000000000000000000000000000000000100000000000008000000000000000000000000000000000000000000000000000000000000000000000000000000000000000000000010000000000000000000000000000000000000000000000000000000000000000000000002000000000000000000000000000000000000000010000000000000000000040000000002000000000000000000000000000000000000000000000000000000000000000000000000000000000000000000000000000000000000000000000000
root                 
status               1 (success)
transactionHash      0xbe1df5693946a26251c3bc52b71b2528876ac0ca4d1f1d209f01a5cc1a611af9
transactionIndex     4
type                 2
blobGasPrice         
blobGasUsed          
to                   0x5949872a6fB7928bC5507d9D03D4b8078C233303


=================== STEP 7 -- PAIR B / ARC   transferFrom(payer, vendor, 0.01) ===================
cast send 0x3600000000000000000000000000000000000000 transferFrom(address,address,uint256) 0xB56A7008dcDa0B7c603a2E1fA15fef58cff0Dcc0 0x000000000000000000000000000000000000c0de 10000

blockHash            0x42afa42ce8272502412fa14f2a13fced5318e24491d1a9816860eaa2fe0f2495
blockNumber          58682606
contractAddress      
cumulativeGasUsed    1099895
effectiveGasPrice    21000000000
from                 0x88549F2128f16BdA5aA0b6aCBe5e70F8E876bbd0
gasUsed              59798
logs                 [{"address":"0xfffffffffffffffffffffffffffffffffffffffe","topics":["0xddf252ad1be2c89b69c2b068fc378daa952ba7f163c4a11628f55a4df523b3ef","0x000000000000000000000000b56a7008dcda0b7c603a2e1fa15fef58cff0dcc0","0x000000000000000000000000000000000000000000000000000000000000c0de"],"data":"0x000000000000000000000000000000000000000000000000002386f26fc10000","blockHash":"0x42afa42ce8272502412fa14f2a13fced5318e24491d1a9816860eaa2fe0f2495","blockNumber":"0x37f6cee","blockTimestamp":"0x6a8cb36f","transactionHash":"0x6640cee48225f682294bbb4a47a171b975c87dc5db5ec1875c0d2cf64342abe0","transactionIndex":"0x9","logIndex":"0x17","removed":false},{"address":"0x3600000000000000000000000000000000000000","topics":["0xddf252ad1be2c89b69c2b068fc378daa952ba7f163c4a11628f55a4df523b3ef","0x000000000000000000000000b56a7008dcda0b7c603a2e1fa15fef58cff0dcc0","0x000000000000000000000000000000000000000000000000000000000000c0de"],"data":"0x0000000000000000000000000000000000000000000000000000000000002710","blockHash":"0x42afa42ce8272502412fa14f2a13fced5318e24491d1a9816860eaa2fe0f2495","blockNumber":"0x37f6cee","blockTimestamp":"0x6a8cb36f","transactionHash":"0x6640cee48225f682294bbb4a47a171b975c87dc5db5ec1875c0d2cf64342abe0","transactionIndex":"0x9","logIndex":"0x18","removed":false}]
logsBloom            0x00000000000004100000000000000000000000000000000400000000000000200000000000000200000000000080000000000000000000000000000000000000000000000100000000000008000000000100000000000000000000000000000000000000000000002000000000000000000000000000000000000010000000400000000000000000000000000000000000000000000000000000000000000000000000000000000000000000000000000000000000000000000000000000000000000002000000000008000000000000000000000000000000000000000000400000000000000000000000000000000000000000000000000000000000000000
root                 
status               1 (success)
transactionHash      0x6640cee48225f682294bbb4a47a171b975c87dc5db5ec1875c0d2cf64342abe0
transactionIndex     9
type                 2
blobGasPrice         
blobGasUsed          
to                   0x3600000000000000000000000000000000000000


=================== STEP 8 -- PAIR C / MOCK  approve(agent, 0.10) ===================
cast send 0x5949872a6fB7928bC5507d9D03D4b8078C233303 approve(address,uint256) 0x88549F2128f16BdA5aA0b6aCBe5e70F8E876bbd0 100000

blockHash            0x7fbead91b76aaf68ca54ba3392600270139c4ab91b510dd4d19639b915b00b6a
blockNumber          58682648
contractAddress      
cumulativeGasUsed    1589526
effectiveGasPrice    21000000000
from                 0xB56A7008dcDa0B7c603a2E1fA15fef58cff0Dcc0
gasUsed              29038
logs                 [{"address":"0x5949872a6fb7928bc5507d9d03d4b8078c233303","topics":["0x8c5be1e5ebec7d5bd14f71427d1e84f3dd0314c0f7b2291e5b200ac8c7c3b925","0x000000000000000000000000b56a7008dcda0b7c603a2e1fa15fef58cff0dcc0","0x00000000000000000000000088549f2128f16bda5aa0b6acbe5e70f8e876bbd0"],"data":"0x00000000000000000000000000000000000000000000000000000000000186a0","blockHash":"0x7fbead91b76aaf68ca54ba3392600270139c4ab91b510dd4d19639b915b00b6a","blockNumber":"0x37f6d18","blockTimestamp":"0x6a8cb385","transactionHash":"0xf3ab1fdcee09f73139478f848c5ed5f1c46c538c5ace0e09749287e4d54fc343","transactionIndex":"0x12","logIndex":"0x3a","removed":false}]
logsBloom            0x00000000000004000000000000000000000000000000000400000000000000200000000000000000000000000000000000000000000000000000000000200000000000000000000000000000000000000000000000000000000000000008000000000000000000000000000000000000000000000000000000000000000000000800000000000000000000000000000000000000000000000000000000000002020000000000000000000000000000000000000010000000000000000000040000000000000000000000000000000000000000000020000000000000000000000010000000000000000000000000000000000000000000000000000000000000
root                 
status               1 (success)
transactionHash      0xf3ab1fdcee09f73139478f848c5ed5f1c46c538c5ace0e09749287e4d54fc343
transactionIndex     18
type                 2
blobGasPrice         
blobGasUsed          
to                   0x5949872a6fB7928bC5507d9D03D4b8078C233303


=================== STEP 9 -- PAIR C / ARC   approve(agent, 0.10) ===================
cast send 0x3600000000000000000000000000000000000000 approve(address,uint256) 0x88549F2128f16BdA5aA0b6aCBe5e70F8E876bbd0 100000

blockHash            0xede8344b22cd39362c7e543ed6769c3fe6437d86e4c3f5550d252a32fefc32f2
blockNumber          58682826
contractAddress      
cumulativeGasUsed    502273
effectiveGasPrice    21000000000
from                 0xB56A7008dcDa0B7c603a2E1fA15fef58cff0Dcc0
gasUsed              38338
logs                 [{"address":"0x3600000000000000000000000000000000000000","topics":["0x8c5be1e5ebec7d5bd14f71427d1e84f3dd0314c0f7b2291e5b200ac8c7c3b925","0x000000000000000000000000b56a7008dcda0b7c603a2e1fa15fef58cff0dcc0","0x00000000000000000000000088549f2128f16bda5aa0b6acbe5e70f8e876bbd0"],"data":"0x00000000000000000000000000000000000000000000000000000000000186a0","blockHash":"0xede8344b22cd39362c7e543ed6769c3fe6437d86e4c3f5550d252a32fefc32f2","blockNumber":"0x37f6dca","blockTimestamp":"0x6a8cb3de","transactionHash":"0x059afb75c4029ff4b81e5fb7c908c0e83c099587b7c6c951a37e3c95d413de92","transactionIndex":"0x8","logIndex":"0xd","removed":false}]
logsBloom            0x00000000000004000000000000000000000000000000000400000000000000200000000000000200000000000000000000000000000000000000000000200000000000000000000000000000000000000100000000000000000000000008000000000000000000000000000000000000000000000000000000000000000000400800000000000000000000000000000000000000000000000000000000000000020000000000000000000000000000000000000000000000000000000000000000000000000000000000000000000000000000000020000000000000000000000010000000000000000000000000000000000000000000000000000000000000
root                 
status               1 (success)
transactionHash      0x059afb75c4029ff4b81e5fb7c908c0e83c099587b7c6c951a37e3c95d413de92
transactionIndex     8
type                 2
blobGasPrice         
blobGasUsed          
to                   0x3600000000000000000000000000000000000000


=================== final state -- mock and Arc must agree ===================
mock 0x5949872a6fB7928bC5507d9D03D4b8078C233303
  mock  payer balance          19990000 [1.999e7]
  mock  vendor balance         360000 [3.6e5]
  mock  allowance p->a         100000 [1e5]

  arc   payer balance          18548155 [1.854e7]
  arc   vendor balance         360000 [3.6e5]
  arc   allowance p->a         100000 [1e5]

  arc   agent balance (gas)    977030 [9.77e5]


=================== gasUsed and status, in step order ===================
gasUsed              68338 status               1 (success) gasUsed              51022 status               1 (success) gasUsed              46138 status               1 (success) gasUsed              55438 status               1 (success) gasUsed              46688 status               1 (success) gasUsed              59798 status               1 (success) gasUsed              29038 status               1 (success) gasUsed              38338 status               1 (success) 
