
==============================================================
1. M3 pre-state — getMandate. Last field is 'revoked', expect false.
==============================================================
0x000000000000000000000000b56a7008dcda0b7c603a2e1fa15fef58cff0dcc0000000000000000000000000000000000000000000000000000000000007a12000000000000000000000000088549f2128f16bda5aa0b6acbe5e70f8e876bbd000000000000000000000000000000000000000000000000000000000000000000000000000000000000000000000000000000000000000000000000000000000000000000000000000000000000000000000000000000000000000000000000000000000000000000000000000000000000000000000000000000000000000000000000000000000000000000000000000000000000000000000000000000000000000000000000000000000000000000000000000000000000000006abc51000000000000000000000000000000000000000000000000000000000000000000000000000000000000000000000000000000000000000000000000000000001900000000000000000000000000000000000000000000000000000000000000000000000000000000000000000000000000000000000000000000000000000000

==============================================================
2. M3 pre-state — a spend today. Expect the GATE error IdentityNotHeld 0x6eab756c.
==============================================================
Error: server returned an error response: error code 3: execution reverted, data: "0x6eab756c"

==============================================================
3. M4 pre-state — expect the GATE error CredentialMissing 0x9e586322.
==============================================================
Error: server returned an error response: error code 3: execution reverted, data: "0x9e586322"

==============================================================
4. AUTH BOUNDARY — revoke from the VENDOR (neither payer nor spender).
==============================================================
   Expect revert NotPayer 0x1435e357.
Error: server returned an error response: error code 3: execution reverted, data: "0x1435e357"

==============================================================
5. AUTH — revoke M3 from the PAYER. Expect success (empty return).
==============================================================
0x

==============================================================
6. AUTH — revoke M4 from the AGENT. Expect SUCCESS: line 704 lets the
==============================================================
   spender renounce its own authority. This is the surprising one.
0x

==============================================================
7. Gas estimate, M3 from payer. Predicted 28,076 (21,576 intrinsic
==============================================================
   + 5,000 storage + 1,500 LOG3) plus dispatch.
31160

==============================================================
8. Gas estimate, M4 from agent — should match M3's to the gas.
==============================================================
33301

==============================================================
9. Control — M1 is ungated and unrevoked. A spend must still SUCCEED,
==============================================================
   returning a spendHash. This is what makes the reverts above evidence.
0x99b9c732eefd3a79cb7456e92f06b9274b9846b038374b152c8a35601ef24e8b

==============================================================
10. Views before revocation: spendable / policyHeadroom on M3.
==============================================================
0x000000000000000000000000000000000000000000000000000000000007a120
0x000000000000000000000000000000000000000000000000000000000007a120

==============================================================
11. UnknownMandate check — revoke a salt we never granted.
==============================================================
   Expect revert UnknownMandate, NOT NotPayer: line 703 precedes 704.
Error: server returned an error response: error code 3: execution reverted, data: "0x473251f4"

done — nothing was sent, no state changed.
